
> competitor-stalker@1.0.3 prebuild /Volumes/LizsDisk/competitor-stalker
> npm run seo:assets

npm warn Unknown env config "package-import-method". This will error in a future major version of npm. See `npm help npmrc` for supported config options.
npm warn Unknown env config "verify-deps-before-run". This will error in a future major version of npm. See `npm help npmrc` for supported config options.
npm warn Unknown env config "allow-build". This will error in a future major version of npm. See `npm help npmrc` for supported config options.
npm warn Unknown env config "_jsr-registry". This will error in a future major version of npm. See `npm help npmrc` for supported config options.
npm warn Unknown env config "global-approve-builds". This will error in a future major version of npm. See `npm help npmrc` for supported config options.
npm warn Unknown user config "only-built-dependencies". This will stop working in the next major version of npm. See `npm help npmrc` for supported config options.
npm notice run competitor-stalker@1.0.3 seo:assets
npm notice run node scripts/generate-seo-assets.mjs
Generated SEO assets using SITE_URL=https://competitor-stalker.vercel.app

> competitor-stalker@1.0.3 build /Volumes/LizsDisk/competitor-stalker
> tsc -b && vite build

Both esbuild and oxc options were set. oxc options will be used and esbuild options will be ignored. The following esbuild options were set: `{ legalComments: 'none' }`
vite v8.2.0 building client environment for production...
[2K
transforming...✓ 1915 modules transformed.
rendering chunks...
computing gzip size...
dist/index.html                              5.80 kB │ gzip:  1.96 kB
dist/assets/index-BOVwSKHW.css              60.55 kB │ gzip: 11.66 kB
dist/assets/rolldown-runtime-LhxUO5vB.js     0.58 kB │ gzip:  0.36 kB
dist/assets/Card-DRzFyxVy.js                 1.30 kB │ gzip:  0.61 kB
dist/assets/export-CB9Fx6_v.js               1.65 kB │ gzip:  0.89 kB
dist/assets/PrivacyPolicyPage-DWNjyr-B.js    1.85 kB │ gzip:  0.70 kB
dist/assets/ContactPage-BVPEVzL7.js          1.96 kB │ gzip:  0.67 kB
dist/assets/Badge-DVf1rmFO.js                2.09 kB │ gzip:  0.72 kB
dist/assets/AboutPage-BRs3Y1n_.js            2.11 kB │ gzip:  0.79 kB
dist/assets/Input-ZKZkmIkz.js                2.93 kB │ gzip:  0.86 kB
dist/assets/StrategyPage-BX9oO28K.js         5.80 kB │ gzip:  1.91 kB
dist/assets/PricingPage-wveBarvq.js          6.18 kB │ gzip:  1.92 kB
dist/assets/SocialPage-uTVMaefI.js           6.32 kB │ gzip:  1.99 kB
dist/assets/WeaknessPage-CfLLnX9h.js         6.34 kB │ gzip:  2.06 kB
dist/assets/MatrixPage-DSKXOUQx.js           6.61 kB │ gzip:  1.92 kB
dist/assets/Dashboard-uWJJYRik.js            7.49 kB │ gzip:  2.42 kB
dist/assets/SwotPage-D87QkbwU.js             7.73 kB │ gzip:  2.16 kB
dist/assets/AlertsPage-BaSAg1bw.js           8.26 kB │ gzip:  2.77 kB
dist/assets/SettingsPage-BXu9wTdj.js         8.69 kB │ gzip:  2.25 kB
dist/assets/PositioningPage-D0XJ0l-u.js      8.78 kB │ gzip:  2.75 kB
dist/assets/icons-Dh5HRMXz.js               19.85 kB │ gzip:  7.39 kB
dist/assets/DossierPage-zqmkLpDh.js         43.78 kB │ gzip: 10.83 kB
dist/assets/index-DPSPr9-w.js               50.35 kB │ gzip: 14.20 kB
dist/assets/vendor-vanxbBR9.js             232.97 kB │ gzip: 75.26 kB

✓ built in 7.14s
[33m[PLUGIN_TIMINGS] [0mYour build spent 75% of 7.1s inside plugin hooks (5.3s).
Measured inside the callback, so queue time is excluded and time the callback itself awaited is not:
  - vite:build-html transform (18%, 1.3s, 1 call)
Those rows are 18% of the build; the rest of the 75% is below.
Not measurable — 1 hook whose calls overlap, so elapsed time covers work other calls were doing. Profile with `node --cpu-prof`:
  - vite:terser renderChunk (22 calls)
See https://rolldown.rs/reference/InputOptions.checks#plugintimings for more details.


> competitor-stalker@1.0.3 postbuild /Volumes/LizsDisk/competitor-stalker
> node scripts/prerender-route-html.mjs

Prerendered 14 route HTML files for https://competitor-stalker.vercel.app
