
 RUN  v4.1.11 /Volumes/LizsDisk/competitor-stalker

 ❯ src/pages/__tests__/FunctionalReview.test.tsx (11 tests | 1 failed | 10 skipped) 124ms
   × handles Escape from a focused history control, returning from compare then closing 123ms

⎯⎯⎯⎯⎯⎯⎯ Failed Tests 1 ⎯⎯⎯⎯⎯⎯⎯

 FAIL  src/pages/__tests__/FunctionalReview.test.tsx > handles Escape from a focused history control, returning from compare then closing
TestingLibraryElementError: Unable to find an accessible element with the role "button" and name "Add Milestone"

Here are the accessible roles:

  dialog:

  Name "History for Audit One":
  [36m<div[39m
    [33maria-label[39m=[32m"History for Audit One"[39m
    [33maria-modal[39m=[32m"true"[39m
    [33mclass[39m=[32m"
                      fixed inset-y-0 right-0 z-50 w-full max-w-md
                      flex flex-col
                      bg-[var(--bg-primary)] border-l border-[var(--border-default)]
                      shadow-2xl
                      transform transition-transform duration-300 ease-out
                      translate-x-0
                  "[39m
    [33mrole[39m=[32m"dialog"[39m
  [36m/>[39m

  --------------------------------------------------
  button:

  Name "Back to timeline":
  [36m<button[39m
    [33maria-label[39m=[32m"Back to timeline"[39m
    [33mclass[39m=[32m"p-1.5 rounded-lg text-[var(--text-muted)] hover:text-[var(--text-primary)] hover:bg-[var(--bg-hover)] transition-colors"[39m
    [33mtype[39m=[32m"button"[39m
  [36m/>[39m

  Name "Close history":
  [36m<button[39m
    [33maria-label[39m=[32m"Close history"[39m
    [33mclass[39m=[32m"p-2 rounded-lg text-[var(--text-muted)] hover:text-[var(--text-primary)] hover:bg-[var(--bg-hover)] transition-colors"[39m
    [33mtype[39m=[32m"button"[39m
  [36m/>[39m

  Name "Back to history":
  [36m<button[39m
    [33maria-label[39m=[32m"Back to history"[39m
    [33mclass[39m=[32m"p-2 rounded-lg text-[var(--text-muted)] hover:text-[var(--text-primary)] hover:bg-[var(--bg-hover)] transition-colors"[39m
    [33mtype[39m=[32m"button"[39m
  [36m/>[39m

  --------------------------------------------------
  heading:

  Name "Compare Snapshots":
  [36m<h2[39m
    [33mclass[39m=[32m"text-base font-semibold text-[var(--text-primary)] truncate"[39m
  [36m/>[39m

  Name "Comparing Snapshots":
  [36m<h3[39m
    [33mclass[39m=[32m"text-base font-semibold text-[var(--text-primary)]"[39m
  [36m/>[39m

  --------------------------------------------------
  paragraph:

  Name "":
  [36m<p[39m
    [33mclass[39m=[32m"text-xs text-[var(--text-muted)] truncate"[39m
  [36m/>[39m

  --------------------------------------------------

Ignored nodes: comments, script, style
[36m<body>[39m
  [36m<div />[39m
  [36m<div[39m
    [33mclass[39m=[32m"fixed inset-0 z-40 bg-black/50 backdrop-blur-sm animate-fade-in"[39m
  [36m/>[39m
  [36m<div[39m
    [33maria-label[39m=[32m"History for Audit One"[39m
    [33maria-modal[39m=[32m"true"[39m
    [33mclass[39m=[32m"
                    fixed inset-y-0 right-0 z-50 w-full max-w-md
                    flex flex-col
                    bg-[var(--bg-primary)] border-l border-[var(--border-default)]
                    shadow-2xl
                    transform transition-transform duration-300 ease-out
                    translate-x-0
                "[39m
    [33mrole[39m=[32m"dialog"[39m
  [36m>[39m
    [36m<div[39m
      [33mclass[39m=[32m"flex items-center justify-between px-5 py-4 border-b border-[var(--border-subtle)]"[39m
    [36m>[39m
      [36m<div[39m
        [33mclass[39m=[32m"flex items-center gap-3 min-w-0"[39m
      [36m>[39m
        [36m<button[39m
          [33maria-label[39m=[32m"Back to timeline"[39m
          [33mclass[39m=[32m"p-1.5 rounded-lg text-[var(--text-muted)] hover:text-[var(--text-primary)] hover:bg-[var(--bg-hover)] transition-colors"[39m
          [33mtype[39m=[32m"button"[39m
        [36m>[39m
          [36m<svg[39m
            [33maria-hidden[39m=[32m"true"[39m
            [33mclass[39m=[32m"lucide lucide-arrow-left"[39m
            [33mfill[39m=[32m"none"[39m
            [33mheight[39m=[32m"18"[39m
            [33mstroke[39m=[32m"currentColor"[39m
            [33mstroke-linecap[39m=[32m"round"[39m
            [33mstroke-linejoin[39m=[32m"round"[39m
            [33mstroke-width[39m=[32m"2"[39m
            [33mviewBox[39m=[32m"0 0 24 24"[39m
            [33mwidth[39m=[32m"18"[39m
            [33mxmlns[39m=[32m"http://www.w3.org/2000/svg"[39m
          [36m>[39m
            [36m<path[39m
              [33md[39m=[32m"m12 19-7-7 7-7"[39m
            [36m/>[39m
            [36m<path[39m
              [33md[39m=[32m"M19 12H5"[39m
            [36m/>[39m
          [36m</svg>[39m
        [36m</button>[39m
        [36m<div[39m
          [33mclass[39m=[32m"flex items-center gap-2.5 min-w-0"[39m
        [36m>[39m
          [36m<div[39m
            [33mclass[39m=[32m"flex-shrink-0 w-9 h-9 rounded-lg bg-[var(--bg-secondary)] flex items-center justify-center"[39m
          [36m>[39m
            [36m<svg[39m
              [33maria-hidden[39m=[32m"true"[39m
              [33mclass[39m=[32m"lucide lucide-rotate-ccw-clock text-[var(--accent-brand)]"[39m
              [33mfill[39m=[32m"none"[39m
              [33mheight[39m=[32m"18"[39m
              [33mstroke[39m=[32m"currentColor"[39m
              [33mstroke-linecap[39m=[32m"round"[39m
              [33mstroke-linejoin[39m=[32m"round"[39m
              [33mstroke-width[39m=[32m"2"[39m
              [33mviewBox[39m=[32m"0 0 24 24"[39m
              [33mwidth[39m=[32m"18"[39m
              [33mxmlns[39m=[32m"http://www.w3.org/2000/svg"[39m
            [36m>[39m
              [36m<path[39m
                [33md[39m=[32m"M3 12a9 9 0 1 0 9-9 9.75 9.75 0 0 0-6.74 2.74L3 8"[39m
              [36m/>[39m
              [36m<path[39m
                [33md[39m=[32m"M3 3v5h5"[39m
              [36m/>[39m
              [36m<path[39m
                [33md[39m=[32m"M12 7v5l4 2"[39m
              [36m/>[39m
            [36m</svg>[39m
          [36m</div>[39m
          [36m<div[39m
            [33mclass[39m=[32m"min-w-0"[39m
          [36m>[39m
            [36m<h2[39m
              [33mclass[39m=[32m"text-base font-semibold text-[var(--text-primary)] truncate"[39m
            [36m>[39m
              [0mCompare Snapshots[0m
            [36m</h2>[39m
            [36m<p[39m
              [33mclass[39m=[32m"text-xs text-[var(--text-muted)] truncate"[39m
            [36m>[39m
              [0mAudit One[0m
            [36m</p>[39m
          [36m</div>[39m
        [36m</div>[39m
      [36m</div>[39m
      [36m<button[39m
        [33maria-label[39m=[32m"Close history"[39m
        [33mclass[39m=[32m"p-2 rounded-lg text-[var(--text-muted)] hover:text-[var(--text-primary)] hover:bg-[var(--bg-hover)] transition-colors"[39m
        [33mtype[39m=[32m"button"[39m
      [36m>[39m
        [36m<svg[39m
          [33maria-hidden[39m=[32m"true"[39m
          [33mclass[39m=[32m"lucide lucide-x"[39m
          [33mfill[39m=[32m"none"[39m
          [33mheight[39m=[32m"18"[39m
          [33mstroke[39m=[32m"currentColor"[39m
          [33mstroke-linecap[39m=[32m"round"[39m
          [33mstroke-linejoin[39m=[32m"round"[39m
          [33mstroke-width[39m=[32m"2"[39m
          [33mviewBox[39m=[32m"0 0 24 24"[39m
          [33mwidth[39m=[32m"18"[39m
          [33mxmlns[39m=[32m"http://www.w3.org/2000/svg"[39m
        [36m>[39m
          [36m<path[39m
            [33md[39m=[32m"M18 6 6 18"[39m
          [36m/>[39m
          [36m<path[39m
            [33md[39m=[32m"m6 6 12 12"[39m
          [36m/>[39m
        [36m</svg>[39m
      [36m</button>[39m
    [36m</div>[39m
    [36m<div[39m
      [33mclass[39m=[32m"flex-1 overflow-hidden"[39m
    [36m>[39m
      [36m<div[39m
        [33mclass[39m=[32m"flex flex-col h-full"[39m
      [36m>[39m
        [36m<div[39m
          [33mclass[39m=[32m"flex items-center justify-between px-5 py-4 border-b border-[var(--border-subtle)]"[39m
        [36m>[39m
          [36m<div>[39m
            [36m<h3[39m
              [33mclass[39m=[32m"text-base font-semibold text-[var(--text-primary)]"[39m
            [36m>[39m
              [0mComparing Snapshots[0m
            [36m</h3>[39m
            [36m<div[39m
              [33mclass[39m=[32m"flex items-center gap-2 mt-1 text-xs text-[var(--text-muted)]"[39m
            [36m>[39m
              [36m<svg[39m
                [33maria-hidden[39m=[32m"true"[39m
                [33mclass[39m=[32m"lucide lucide-clock"[39m
                [33mfill[39m=[32m"none"[39m
                [33mheight[39m=[32m"10"[39m
                [33mstroke[39m=[32m"currentColor"[39m
                [33mstroke-linecap[39m=[32m"round"[39m
                [33mstroke-linejoin[39m=[32m"round"[39m
                [33mstroke-width[39m=[32m"2"[39m
                [33mviewBox[39m=[32m"0 0 24 24"[39m
                [33mwidth[39m=[32m"10"[39m
                [33mxmlns[39m=[32m"http://www.w3.org/2000/svg"[39m
              [36m>[39m
                [36m<circle[39m
                  [33mcx[39m=[32m"12"[39m
                  [33mcy[39m=[32m"12"[39m
                  [33mr[39m=[32m"10"[39m
                [36m/>[39m
                [36m<path[39m
                  [33md[39m=[32m"M12 6v6l4 2"[39m
                [36m/>[39m
              [36m</svg>[39m
              [36m<span>[39m
                [0mSep 30, 2026, 8:00 PM[0m
              [36m</span>[39m
              [36m<svg[39m
                [33maria-hidden[39m=[32m"true"[39m
                [33mclass[39m=[32m"lucide lucide-arrow-right"[39m
                [33mfill[39m=[32m"none"[39m
                [33mheight[39m=[32m"10"[39m
                [33mstroke[39m=[32m"currentColor"[39m
                [33mstroke-linecap[39m=[32m"round"[39m
                [33mstroke-linejoin[39m=[32m"round"[39m
                [33mstroke-width[39m=[32m"2"[39m
                [33mviewBox[39m=[32m"0 0 24 24"[39m
                [33mwidth[39m=[32m"10"[39m
                [33mxmlns[39m=[32m"http://www.w3.org/2000/svg"[39m
              [36m>[39m
                [36m<path[39m
                  [33md[39m=[32m"M5 12h14"[39m
                [36m/>[39m
                [36m<path[39m
                  [33md[39m=[32m"m12 5 7 7-7 7"[39m
                [36m/>[39m
              [36m</svg>[39m
              [36m<span>[39m
                [0mOct 8, 2026, 2:31 PM[0m
              [36m</span>[39m
            [36m</div>[39m
          [36m</div>[39m
          [36m<button[39m
            [33maria-label[39m=[32m"Back to history"[39m
            [33mclass[39m=[32m"p-2 rounded-lg text-[var(--text-muted)] hover:text-[var(--text-primary)] hover:bg-[var(--bg-hover)] transition-colors"[39m
            [33mtype[39m=[32m"button"[39m
          [36m>[39m
            [36m<svg[39m
              [33maria-hidden[39m=[32m"true"[39m
              [33mclass[39m=[32m"lucide lucide-x"[39m
              [33mfill[39m=[32m"none"[39m
              [33mheight[39m=[32m"18"[39m
              [33mstroke[39m=[32m"currentColor"[39m
              [33mstroke-linecap[39m=[32m"round"[39m
              [33mstroke-linejoin[39m=[32m"round"[39m
              [33mstroke-width[39m=[32m"2"[39m
              [33mviewBox[39m=[32m"0 0 24 24"[39m
              [33mwidth[39m=[32m"18"[39m
              [33mxmlns[39m=[32m"http://www.w3.org/2000/svg"[39m
            [36m>[39m
              [36m<path[39m
                [33md[39m=[32m"M18 6 6 18"[39m
              [36m/>[39m
              [36m<path[39m
                [33md[39m=[32m"m6 6 12 12"[39m
              [36m/>[39m
            [36m</svg>[39m
          [36m</button>[39m
        [36m</div>[39m
        [36m<div[39m
          [33mclass[39m=[32m"flex-1 overflow-y-auto p-5"[39m
        [36m>[39m
          [36m<div[39m
            [33mclass[39m=[32m"space-y-3"[39m
          [36m>[39m
            [36m<div[39m
              [33mclass[39m=[32m"p-3 rounded-lg bg-[var(--bg-secondary)] border-l-2 border-l-[var(--accent-danger)]"[39m
            [36m>[39m
              [36m<div[39m
                [33mclass[39m=[32m"flex items-center justify-between gap-2 mb-2"[39m
              [36m>[39m
                [36m<span[39m
                  [33mclass[39m=[32m"text-sm font-medium text-[var(--text-primary)]"[39m
                [36m>[39m
                  [0mNotes[0m
                [36m</span>[39m
                [36m<span[39m
                  [33mclass[39m=[32m"text-[10px] uppercase tracking-wide px-1.5 py-0.5 rounded font-medium bg-[var(--accent-danger-muted)] text-[var(--accent-danger)]"[39m
                [36m>[39m
                  [0mRemoved[0m
                [36m</span>[39m
              [36m</div>[39m
              [36m<div[39m
                [33mclass[39m=[32m"flex items-start gap-2 text-xs"[39m
              [36m>[39m
                [36m<div[39m
                  [33mclass[39m=[32m"flex-1 p-2 rounded bg-[var(--accent-danger-muted)]/30"[39m
                [36m>[39m
                  [36m<span[39m
                    [33mclass[39m=[32m"text-[var(--text-muted)]"[39m
                  [36m>[39m
                    [0mBefore[0m
                  [36m</span>[39m
                [36m</div>[39m
                [36m<svg[39m
                  [33maria-hidden[39m=[32m"true"[39m
                  [33mclass[39m=[32m"lucide lucide-arrow-right flex-shrink-0 text-[var(--text-muted)] mt-1.5"[39m
                  [33mfill[39m=[32m"none"[39m
                  [33mheight[39m=[32m"14"[39m
                  [33mstroke[39m=[32m"currentColor"[39m
                  [33mstroke-linecap[39m=[32m"round"[39m
                  [33mstroke-linejoin[39m=[32m"round"[39m
                  [33mstroke-width[39m=[32m"2"[39m
                  [33mviewBox[39m=[32m"0 0 24 24"[39m
                  [33mwidth[39m=[32m"14"[39m
                  [33mxmlns[39m=[32m"http://www.w3.org/2000/svg"[39m
                [36m>[39m
                  [36m<path[39m
                    [33md[39m=[32m"M5 12h14"[39m
                  [36m/>[39m
                  [36m<path[39m
                    [33md[39m=[32m"m12 5 7 7-7 7"[39m
                  [36m/>[39m
                [36m</svg>[39m
                [36m<div[39m
                  [33mclass[39m=[32m"flex-1 p-2 rounded bg-[var(--bg-tertiary)]"[39m
                [36m>[39m
                  [36m<span[39m
                    [33mclass[39m=[32m"text-[var(--text-primary)]"[39m
                  [36m>[39m
                    [0m(empty)[0m
                  [36m</span>[39m
                [36m</div>[39m
              [36m</div>[39m
            [36m</div>[39m
          [36m</div>[39m
        [36m</div>[39m
        [36m<div[39m
          [33mclass[39m=[32m"px-5 py-4 border-t border-[var(--border-subtle)]"[39m
        [36m>[39m
          [36m<div[39m
            [33mclass[39m=[32m"flex items-center justify-between text-xs text-[var(--text-muted)]"[39m
          [36m>[39m
            [36m<span>[39m
              [0m1[0m
              [0m change[0m
              [0m detected[0m
            [36m</span>[39m
            [36m<div[39m
              [33mclass[39m=[32m"flex items-center gap-4"[39m
            [36m>[39m
              [36m<span[39m
                [33mclass[39m=[32m"flex items-center gap-1"[39m
              [36m>[39m
                [36m<span[39m
                  [33mclass[39m=[32m"w-2 h-2 rounded-full bg-[var(--accent-success)]"[39m
                [36m/>[39m
                [0mAdded[0m
              [36m</span>[39m
              [36m<span[39m
                [33mclass[39m=[32m"flex items-center gap-1"[39m
              [36m>[39m
                [36m<span[39m
                  [33mclass[39m=[32m"w-2 h-2 rounded-full bg-[var(--accent-danger)]"[39m
                [36m/>[39m
                [0mRemoved[0m
              [36m</span>[39m
              [36m<span[39m
                [33mclass[39m=[32m"flex items-center gap-1"[39m
              [36m>[39m
                [36m<span[39m
                  [33mclass[39m=[32m"w-2 h-2 rounded-full bg-[var(--accent-warning)]"[39m
                [36m/>[39m
                [0mChanged[0m
              [36m</span>[39m
            [36m</div>[39m
          [36m</div>[39m
        [36m</div>[39m
      [36m</div>[39m
    [36m</div>[39m
  [36m</div>[39m
[36m</body>[39m
 ❯ Object.getElementError node_modules/.pnpm/@testing-library+dom@10.4.1/node_modules/@testing-library/dom/dist/config.js:37:19
 ❯ node_modules/.pnpm/@testing-library+dom@10.4.1/node_modules/@testing-library/dom/dist/query-helpers.js:76:38
 ❯ node_modules/.pnpm/@testing-library+dom@10.4.1/node_modules/@testing-library/dom/dist/query-helpers.js:52:17
 ❯ node_modules/.pnpm/@testing-library+dom@10.4.1/node_modules/@testing-library/dom/dist/query-helpers.js:95:19
 ❯ src/pages/__tests__/FunctionalReview.test.tsx:102:19
    100|     await userEvent.click(screen.getByRole('button', { name: 'Compare …
    101|     await userEvent.keyboard('{Escape}');
    102|     expect(screen.getByRole('button', { name: 'Add Milestone' })).toBe…
       |                   ^
    103|     expect(close).not.toHaveBeenCalled();
    104|     await userEvent.keyboard('{Escape}');

⎯⎯⎯⎯⎯⎯⎯⎯⎯⎯⎯⎯⎯⎯⎯⎯⎯⎯⎯⎯⎯⎯⎯⎯[1/1]⎯


 Test Files  1 failed (1)
      Tests  1 failed | 10 skipped (11)
   Start at  14:31:36
   Duration  17.65s (transform 235ms, setup 1.30s, import 722ms, tests 124ms, environment 14.85s)
