
> competitor-stalker@1.0.6 prebuild /Volumes/LizsDisk/competitor-stalker
> npm run seo:assets

npm warn Unknown env config "npm-globalconfig". This will error in a future major version of npm. See `npm help npmrc` for supported config options.
npm warn Unknown env config "package-import-method". This will error in a future major version of npm. See `npm help npmrc` for supported config options.
npm warn Unknown env config "verify-deps-before-run". This will error in a future major version of npm. See `npm help npmrc` for supported config options.
npm warn Unknown env config "allow-build". This will error in a future major version of npm. See `npm help npmrc` for supported config options.
npm warn Unknown env config "_jsr-registry". This will error in a future major version of npm. See `npm help npmrc` for supported config options.
npm warn Unknown env config "global-approve-builds". This will error in a future major version of npm. See `npm help npmrc` for supported config options.
npm warn Unknown user config "only-built-dependencies". This will stop working in the next major version of npm. See `npm help npmrc` for supported config options.
npm warn Unknown global config "package-import-method". This will stop working in the next major version of npm. See `npm help npmrc` for supported config options.
npm warn Unknown global config "allow-build". This will stop working in the next major version of npm. See `npm help npmrc` for supported config options.
npm warn Unknown global config "global-approve-builds". This will stop working in the next major version of npm. See `npm help npmrc` for supported config options.
npm notice run competitor-stalker@1.0.6 seo:assets
npm notice run node scripts/generate-seo-assets.mjs
Generated SEO assets using SITE_URL=https://competitor-stalker.vercel.app

> competitor-stalker@1.0.6 build /Volumes/LizsDisk/competitor-stalker
> tsc -b && vite build

Both esbuild and oxc options were set. oxc options will be used and esbuild options will be ignored. The following esbuild options were set: `{ legalComments: 'none' }`
vite v8.2.2 building client environment for production...
transforming...
✓ 1946 modules transformed.
rendering chunks...
computing gzip size...
dist/index.html                              5.80 kB │ gzip:  1.96 kB
dist/assets/index-BOVwSKHW.css              60.55 kB │ gzip: 11.66 kB
dist/assets/rolldown-runtime-LhxUO5vB.js     0.58 kB │ gzip:  0.36 kB
dist/assets/Card-IYKicF8M.js                 1.30 kB │ gzip:  0.61 kB
dist/assets/export-enPYKFH-.js               1.65 kB │ gzip:  0.89 kB
dist/assets/PrivacyPolicyPage-CTGQTT3Z.js    1.85 kB │ gzip:  0.70 kB
dist/assets/ContactPage-DO_y3uV3.js          1.96 kB │ gzip:  0.67 kB
dist/assets/Badge-ZY469gOW.js                2.09 kB │ gzip:  0.72 kB
dist/assets/AboutPage-DsKUkg9F.js            2.11 kB │ gzip:  0.79 kB
dist/assets/Input-wfwzWueZ.js                2.93 kB │ gzip:  0.86 kB
dist/assets/StrategyPage-DHIcESRU.js         5.80 kB │ gzip:  1.90 kB
dist/assets/PricingPage-B9ZRVVFq.js          6.18 kB │ gzip:  1.92 kB
dist/assets/SocialPage-CRR5aHQw.js           6.32 kB │ gzip:  1.99 kB
dist/assets/WeaknessPage-Cppgv2pv.js         6.34 kB │ gzip:  2.06 kB
dist/assets/MatrixPage-0D3Ybv8F.js           6.61 kB │ gzip:  1.92 kB
dist/assets/Dashboard-D0Kb8G5l.js            7.49 kB │ gzip:  2.42 kB
dist/assets/SwotPage-C5M7dYN4.js             7.73 kB │ gzip:  2.16 kB
dist/assets/AlertsPage-Ja8w3mNE.js           8.26 kB │ gzip:  2.77 kB
dist/assets/SettingsPage-COdVj3bb.js         8.69 kB │ gzip:  2.25 kB
dist/assets/PositioningPage-B1oq0MPi.js      8.78 kB │ gzip:  2.75 kB
dist/assets/icons-Dt51njxc.js               19.84 kB │ gzip:  7.40 kB
dist/assets/DossierPage-DjmPPaY6.js         43.78 kB │ gzip: 10.83 kB
dist/assets/index-CA5tE6Mp.js               50.56 kB │ gzip: 14.25 kB
dist/assets/vendor-C68_HecP.js             233.98 kB │ gzip: 75.60 kB

✓ built in 18.26s
[33m[PLUGIN_TIMINGS] [0mPlugin hooks ran for 17.0s of this 18.2s build (93%).
The slowest hooks, timed inside each callback (the wait before a callback starts is excluded, the time it awaits is included):
  - vite:css transform (13%, 2.3s, 1 call)
Additional hook time came from the hooks below and from hooks under 1s.
1 hook is listed without a time. Its calls overlapped, so the time inside one call includes work from other calls. To find its cost, profile the build with `node --cpu-prof`:
  - vite:terser renderChunk (22 calls)
See https://rolldown.rs/reference/InputOptions.checks#plugintimings for more details.


> competitor-stalker@1.0.6 postbuild /Volumes/LizsDisk/competitor-stalker
> node scripts/prerender-route-html.mjs

Prerendered 14 route HTML files for https://competitor-stalker.vercel.app
