
 RUN  v4.1.11 /Volumes/LizsDisk/competitor-stalker

 ❯ src/pages/__tests__/FunctionalReview.test.tsx (10 tests | 1 failed) 3506ms
   × lets users name their existing business profile without editing a JSON file 140ms

⎯⎯⎯⎯⎯⎯⎯ Failed Tests 1 ⎯⎯⎯⎯⎯⎯⎯

 FAIL  src/pages/__tests__/FunctionalReview.test.tsx > lets users name their existing business profile without editing a JSON file
TestingLibraryElementError: Unable to find a label with the text of: Your business name

Ignored nodes: comments, script, style
[36m<body>[39m
  [36m<div>[39m
    [36m<div[39m
      [33mclass[39m=[32m"settings-page space-y-8 animate-fade-in max-w-3xl"[39m
    [36m>[39m
      [36m<div>[39m
        [36m<h1[39m
          [33mclass[39m=[32m"workspace-title flex items-center gap-3"[39m
        [36m>[39m
          [36m<svg[39m
            [33maria-hidden[39m=[32m"true"[39m
            [33mclass[39m=[32m"lucide lucide-settings w-7 h-7 text-[var(--accent-brand)]"[39m
            [33mfill[39m=[32m"none"[39m
            [33mheight[39m=[32m"24"[39m
            [33mstroke[39m=[32m"currentColor"[39m
            [33mstroke-linecap[39m=[32m"round"[39m
            [33mstroke-linejoin[39m=[32m"round"[39m
            [33mstroke-width[39m=[32m"2"[39m
            [33mviewBox[39m=[32m"0 0 24 24"[39m
            [33mwidth[39m=[32m"24"[39m
            [33mxmlns[39m=[32m"http://www.w3.org/2000/svg"[39m
          [36m>[39m
            [36m<path[39m
              [33md[39m=[32m"M9.671 4.136a2.34 2.34 0 0 1 4.659 0 2.34 2.34 0 0 0 3.319 1.915 2.34 2.34 0 0 1 2.33 4.033 2.34 2.34 0 0 0 0 3.831 2.34 2.34 0 0 1-2.33 4.033 2.34 2.34 0 0 0-3.319 1.915 2.34 2.34 0 0 1-4.659 0 2.34 2.34 0 0 0-3.32-1.915 2.34 2.34 0 0 1-2.33-4.033 2.34 2.34 0 0 0 0-3.831A2.34 2.34 0 0 1 6.35 6.051a2.34 2.34 0 0 0 3.319-1.915"[39m
            [36m/>[39m
            [36m<circle[39m
              [33mcx[39m=[32m"12"[39m
              [33mcy[39m=[32m"12"[39m
              [33mr[39m=[32m"3"[39m
            [36m/>[39m
          [36m</svg>[39m
          [0mSettings[0m
        [36m</h1>[39m
        [36m<p[39m
          [33mclass[39m=[32m"text-[var(--text-muted)] mt-1"[39m
        [36m>[39m
          [0mManage your data and preferences[0m
        [36m</p>[39m
      [36m</div>[39m
      [36m<section[39m
        [33mclass[39m=[32m"surface-card p-6"[39m
      [36m>[39m
        [36m<h2[39m
          [33mclass[39m=[32m"text-lg font-semibold mb-4 flex items-center gap-2"[39m
        [36m>[39m
          [36m<svg[39m
            [33maria-hidden[39m=[32m"true"[39m
            [33mclass[39m=[32m"lucide lucide-download w-5 h-5"[39m
            [33mfill[39m=[32m"none"[39m
            [33mheight[39m=[32m"24"[39m
            [33mstroke[39m=[32m"currentColor"[39m
            [33mstroke-linecap[39m=[32m"round"[39m
            [33mstroke-linejoin[39m=[32m"round"[39m
            [33mstroke-width[39m=[32m"2"[39m
            [33mviewBox[39m=[32m"0 0 24 24"[39m
            [33mwidth[39m=[32m"24"[39m
            [33mxmlns[39m=[32m"http://www.w3.org/2000/svg"[39m
          [36m>[39m
            [36m<path[39m
              [33md[39m=[32m"M12 15V3"[39m
            [36m/>[39m
            [36m<path[39m
              [33md[39m=[32m"M21 15v4a2 2 0 0 1-2 2H5a2 2 0 0 1-2-2v-4"[39m
            [36m/>[39m
            [36m<path[39m
              [33md[39m=[32m"m7 10 5 5 5-5"[39m
            [36m/>[39m
          [36m</svg>[39m
          [0mExport Data[0m
        [36m</h2>[39m
        [36m<p[39m
          [33mclass[39m=[32m"text-sm text-[var(--text-muted)] mb-4"[39m
        [36m>[39m
          [0mDownload your competitive intelligence data for backup or analysis.[0m
        [36m</p>[39m
        [36m<div[39m
          [33mclass[39m=[32m"flex flex-wrap gap-3"[39m
        [36m>[39m
          [36m<button[39m
            [33mclass[39m=[32m"
        inline-flex items-center justify-center gap-2
        font-medium tracking-tight
        transition-all duration-fast ease-out
        disabled:opacity-50 disabled:cursor-not-allowed disabled:pointer-events-none
        focus-visible:outline-none focus-visible:ring-2 focus-visible:ring-offset-2 focus-visible:ring-offset-[var(--bg-base)]

            bg-[var(--accent-brand)] text-[var(--text-inverse)]
            hover:bg-[var(--accent-brand-soft)]
            focus-visible:ring-[var(--accent-brand)]
            shadow-sm hover:shadow-md
         h-10 px-4 text-sm rounded-[var(--radius-control)] "[39m
            [33mtype[39m=[32m"button"[39m
          [36m>[39m
            [36m<svg[39m
              [33maria-hidden[39m=[32m"true"[39m
              [33mclass[39m=[32m"lucide lucide-file-braces w-4 h-4"[39m
              [33mfill[39m=[32m"none"[39m
              [33mheight[39m=[32m"24"[39m
              [33mstroke[39m=[32m"currentColor"[39m
              [33mstroke-linecap[39m=[32m"round"[39m
              [33mstroke-linejoin[39m=[32m"round"[39m
              [33mstroke-width[39m=[32m"2"[39m
              [33mviewBox[39m=[32m"0 0 24 24"[39m
              [33mwidth[39m=[32m"24"[39m
              [33mxmlns[39m=[32m"http://www.w3.org/2000/svg"[39m
            [36m>[39m
              [36m<path[39m
                [33md[39m=[32m"M6 22a2 2 0 0 1-2-2V4a2 2 0 0 1 2-2h8a2.4 2.4 0 0 1 1.704.706l3.588 3.588A2.4 2.4 0 0 1 20 8v12a2 2 0 0 1-2 2z"[39m
              [36m/>[39m
              [36m<path[39m
                [33md[39m=[32m"M14 2v5a1 1 0 0 0 1 1h5"[39m
              [36m/>[39m
              [36m<path[39m
                [33md[39m=[32m"M10 12a1 1 0 0 0-1 1v1a1 1 0 0 1-1 1 1 1 0 0 1 1 1v1a1 1 0 0 0 1 1"[39m
              [36m/>[39m
              [36m<path[39m
                [33md[39m=[32m"M14 18a1 1 0 0 0 1-1v-1a1 1 0 0 1 1-1 1 1 0 0 1-1-1v-1a1 1 0 0 0-1-1"[39m
              [36m/>[39m
            [36m</svg>[39m
            [0mExport as JSON[0m
          [36m</button>[39m
          [36m<button[39m
            [33mclass[39m=[32m"
        inline-flex items-center justify-center gap-2
        font-medium tracking-tight
        transition-all duration-fast ease-out
        disabled:opacity-50 disabled:cursor-not-allowed disabled:pointer-events-none
        focus-visible:outline-none focus-visible:ring-2 focus-visible:ring-offset-2 focus-visible:ring-offset-[var(--bg-base)]

            bg-[var(--bg-surface)] text-[var(--text-primary)]
            border border-[var(--border-muted)]
            hover:bg-[var(--bg-elevated)] hover:border-[var(--border-emphasis)]
            focus-visible:ring-[var(--border-strong)]
         h-10 px-4 text-sm rounded-[var(--radius-control)] "[39m
            [33mtype[39m=[32m"button"[39m
          [36m>[39m
            [36m<svg[39m
              [33maria-hidden[39m=[32m"true"[39m
              [33mclass[39m=[32m"lucide lucide-file-spreadsheet w-4 h-4"[39m
              [33mfill[39m=[32m"none"[39m
              [33mheight[39m=[32m"24"[39m
              [33mstroke[39m=[32m"currentColor"[39m
              [33mstroke-linecap[39m=[32m"round"[39m
              [33mstroke-linejoin[39m=[32m"round"[39m
              [33mstroke-width[39m=[32m"2"[39m
              [33mviewBox[39m=[32m"0 0 24 24"[39m
              [33mwidth[39m=[32m"24"[39m
              [33m...
 ❯ Object.getElementError node_modules/.pnpm/@testing-library+dom@10.4.1/node_modules/@testing-library/dom/dist/config.js:37:19
 ❯ getAllByLabelText node_modules/.pnpm/@testing-library+dom@10.4.1/node_modules/@testing-library/dom/dist/queries/label-text.js:111:38
 ❯ node_modules/.pnpm/@testing-library+dom@10.4.1/node_modules/@testing-library/dom/dist/query-helpers.js:52:17
 ❯ node_modules/.pnpm/@testing-library+dom@10.4.1/node_modules/@testing-library/dom/dist/query-helpers.js:95:19
 ❯ src/pages/__tests__/FunctionalReview.test.tsx:89:34
     87| it('lets users name their existing business profile without editing a …
     88|     const view = mount(<SettingsPage />);
     89|     await userEvent.clear(screen.getByLabelText('Your business name'));
       |                                  ^
     90|     await userEvent.type(screen.getByLabelText('Your business name'), …
     91|     expect(JSON.parse(localStorage.getItem('stalker_profile')!).name).…

⎯⎯⎯⎯⎯⎯⎯⎯⎯⎯⎯⎯⎯⎯⎯⎯⎯⎯⎯⎯⎯⎯⎯⎯[1/1]⎯


 Test Files  1 failed (1)
      Tests  1 failed | 9 passed (10)
   Start at  14:15:00
   Duration  12.52s (transform 1.24s, setup 1.88s, import 2.35s, tests 3.51s, environment 4.21s)
