
 RUN  v4.1.11 /Volumes/LizsDisk/competitor-stalker

stderr | src/test/scrape.test.ts > scrape endpoint boundary > pins connections to the validated address without a second DNS lookup
Page extraction failed

stderr | src/test/scrape.test.ts > scrape endpoint boundary > rejects redirects to private hosts before another request
Page extraction failed

stderr | src/test/scrape.test.ts > scrape endpoint boundary > validates and pins each public redirect then extracts actual HTML
Page extraction failed

stderr | src/test/scrape.test.ts > scrape endpoint boundary > does not treat JSON as a successfully scraped page
Page extraction failed

stderr | src/test/scrape.test.ts > scrape endpoint boundary > normalizes protocol-relative social links into a response the client accepts
Page extraction failed

stderr | src/test/scrape.test.ts > scrape endpoint boundary > rejects oversized HTML
Page extraction failed

 ❯ src/test/scrape.test.ts (13 tests | 6 failed) 94ms
     × pins connections to the validated address without a second DNS lookup 36ms
     × rejects redirects to private hosts before another request 4ms
     × validates and pins each public redirect then extracts actual HTML 4ms
     × does not treat JSON as a successfully scraped page 6ms
     × normalizes protocol-relative social links into a response the client accepts 5ms
     × rejects oversized HTML 2ms

⎯⎯⎯⎯⎯⎯⎯ Failed Tests 6 ⎯⎯⎯⎯⎯⎯⎯

 FAIL  src/test/scrape.test.ts > scrape endpoint boundary > pins connections to the validated address without a second DNS lookup
AssertionError: expected 500 to be 200 // Object.is equality

- Expected
+ Received

- 200
+ 500

 ❯ src/test/scrape.test.ts:49:67
     47|     it('pins connections to the validated address without a second DNS…
     48|         vi.mocked(lookup).mockResolvedValueOnce([{ address: '93.184.21…
     49|         expect((await call({ url: 'https://example.com' })).code).toBe…
       |                                                                   ^
     50|         expect(transport.addresses).toEqual(['93.184.216.34']);
     51|         expect(lookup).toHaveBeenCalledTimes(1);

⎯⎯⎯⎯⎯⎯⎯⎯⎯⎯⎯⎯⎯⎯⎯⎯⎯⎯⎯⎯⎯⎯⎯⎯[1/6]⎯

 FAIL  src/test/scrape.test.ts > scrape endpoint boundary > rejects redirects to private hosts before another request
AssertionError: expected 500 to be 400 // Object.is equality

- Expected
+ Received

- 400
+ 500

 ❯ src/test/scrape.test.ts:56:67
     54|     it('rejects redirects to private hosts before another request', as…
     55|         transport.responses.push({ status: 302, headers: { location: '…
     56|         expect((await call({ url: 'https://example.com' })).code).toBe…
       |                                                                   ^
     57|         expect(transport.request).toHaveBeenCalledTimes(1);
     58|     });

⎯⎯⎯⎯⎯⎯⎯⎯⎯⎯⎯⎯⎯⎯⎯⎯⎯⎯⎯⎯⎯⎯⎯⎯[2/6]⎯

 FAIL  src/test/scrape.test.ts > scrape endpoint boundary > validates and pins each public redirect then extracts actual HTML
AssertionError: expected { code: 500, …(1) } to match object { code: 200, data: { …(2) } }
(1 matching property omitted from actual)

- Expected
+ Received

  {
-   "code": 200,
+   "code": 500,
    "data": {
-     "features": [
-       "Deploy",
-     ],
-     "title": "Audit public page",
+     "error": "Failed to scrape page",
    },
  }

 ❯ src/test/scrape.test.ts:66:66
     64|         transport.responses.push({ status: 301, headers: { location: '…
     65|         vi.mocked(lookup).mockResolvedValueOnce([{ address: '93.184.21…
     66|         expect(await call({ url: 'https://example.com/start' })).toMat…
       |                                                                  ^
     67|         expect(transport.addresses).toEqual(['93.184.216.34', '93.184.…
     68|     });

⎯⎯⎯⎯⎯⎯⎯⎯⎯⎯⎯⎯⎯⎯⎯⎯⎯⎯⎯⎯⎯⎯⎯⎯[3/6]⎯

 FAIL  src/test/scrape.test.ts > scrape endpoint boundary > does not treat JSON as a successfully scraped page
AssertionError: expected 500 to be 400 // Object.is equality

- Expected
+ Received

- 400
+ 500

 ❯ src/test/scrape.test.ts:71:67
     69|     it('does not treat JSON as a successfully scraped page', async () …
     70|         transport.responses.push({ headers: { 'content-type': 'applica…
     71|         expect((await call({ url: 'https://example.com' })).code).toBe…
       |                                                                   ^
     72|     });
     73|     it('normalizes protocol-relative social links into a response the …

⎯⎯⎯⎯⎯⎯⎯⎯⎯⎯⎯⎯⎯⎯⎯⎯⎯⎯⎯⎯⎯⎯⎯⎯[4/6]⎯

 FAIL  src/test/scrape.test.ts > scrape endpoint boundary > normalizes protocol-relative social links into a response the client accepts
AssertionError: expected { code: 500, …(1) } to match object { code: 200, data: { …(1) } }
(1 matching property omitted from actual)

- Expected
+ Received

  {
-   "code": 200,
+   "code": 500,
    "data": {
-     "socialLinks": {
-       "twitter": "https://x.com/acme",
-     },
+     "error": "Failed to scrape page",
    },
  }

 ❯ src/test/scrape.test.ts:76:26
     74|         transport.responses.push({ body: '<title>Social page</title><a…
     75|         const response = await call({ url: 'https://example.com' });
     76|         expect(response).toMatchObject({ code: 200, data: { socialLink…
       |                          ^
     77|         expect((response.data as { socialLinks: object }).socialLinks)…
     78|         vi.mocked(fetch).mockResolvedValue(new Response(JSON.stringify…

⎯⎯⎯⎯⎯⎯⎯⎯⎯⎯⎯⎯⎯⎯⎯⎯⎯⎯⎯⎯⎯⎯⎯⎯[5/6]⎯

 FAIL  src/test/scrape.test.ts > scrape endpoint boundary > rejects oversized HTML
AssertionError: expected 500 to be 413 // Object.is equality

- Expected
+ Received

- 413
+ 500

 ❯ src/test/scrape.test.ts:92:67
     90|     it('rejects oversized HTML', async () => {
     91|         transport.responses.push({ body: 'x'.repeat(2 * 1024 * 1024 + …
     92|         expect((await call({ url: 'https://example.com' })).code).toBe…
       |                                                                   ^
     93|     });
     94| });

⎯⎯⎯⎯⎯⎯⎯⎯⎯⎯⎯⎯⎯⎯⎯⎯⎯⎯⎯⎯⎯⎯⎯⎯[6/6]⎯

⎯⎯⎯⎯⎯⎯ Unhandled Errors ⎯⎯⎯⎯⎯⎯

Vitest caught 6 unhandled errors during the test run.
This might cause false positive tests. Resolve unhandled errors to make sure your tests are not affected.

⎯⎯⎯⎯⎯ Uncaught Exception ⎯⎯⎯⎯⎯
Error: connect EPERM 93.184.216.34:443 - Local (0.0.0.0:0)
 ❯ internalConnect node:net:1111:16
 ❯ defaultTriggerAsyncIdScope node:internal/async_hooks:472:18
 ❯ emitLookup node:net:1433:9
 ❯ lookup api/scrape.ts:292:56
    290|             signal, agent: false, autoSelectFamily: false,
    291|             ...(target.protocol === 'https:' && !isIP(target.hostname.…
    292|             lookup: (_hostname, _options, callback) => callback(null, …
       |                                                        ^
    293|             headers: {
    294|                 'User-Agent': 'Mozilla/5.0 (compatible; CompetitorStal…
 ❯ node:net:1410:5
 ❯ defaultTriggerAsyncIdScope node:internal/async_hooks:472:18
 ❯ lookupAndConnect node:net:1409:3
 ❯ TLSSocket.Socket.connect node:net:1286:5
 ❯ Object.connect node:internal/tls/wrap:1911:13
 ❯ Agent.createConnection node:https:363:18

⎯⎯⎯⎯⎯⎯⎯⎯⎯⎯⎯⎯⎯⎯⎯⎯⎯⎯⎯⎯⎯⎯⎯⎯⎯⎯⎯⎯⎯⎯
Serialized Error: { errno: -1, code: 'EPERM', syscall: 'connect', address: '93.184.216.34', port: 443 }
This error originated in "src/test/scrape.test.ts" test file. It doesn't mean the error was thrown inside the file itself, but while it was running.
The latest test that might've caused the error is "bounds stalled DNS validation with the overall request deadline". It might mean one of the following:
- The error was thrown, while Vitest was running this test.
- If the error occurred after the test had been completed, this was the last documented test before it was thrown.

⎯⎯⎯⎯⎯ Uncaught Exception ⎯⎯⎯⎯⎯
Error: connect EPERM 93.184.216.34:443 - Local (0.0.0.0:0)
 ❯ internalConnect node:net:1111:16
 ❯ defaultTriggerAsyncIdScope node:internal/async_hooks:472:18
 ❯ emitLookup node:net:1433:9
 ❯ lookup api/scrape.ts:292:56
    290|             signal, agent: false, autoSelectFamily: false,
    291|             ...(target.protocol === 'https:' && !isIP(target.hostname.…
    292|             lookup: (_hostname, _options, callback) => callback(null, …
       |                                                        ^
    293|             headers: {
    294|                 'User-Agent': 'Mozilla/5.0 (compatible; CompetitorStal…
 ❯ node:net:1410:5
 ❯ defaultTriggerAsyncIdScope node:internal/async_hooks:472:18
 ❯ lookupAndConnect node:net:1409:3
 ❯ TLSSocket.Socket.connect node:net:1286:5
 ❯ Object.connect node:internal/tls/wrap:1911:13
 ❯ Agent.createConnection node:https:363:18

⎯⎯⎯⎯⎯⎯⎯⎯⎯⎯⎯⎯⎯⎯⎯⎯⎯⎯⎯⎯⎯⎯⎯⎯⎯⎯⎯⎯⎯⎯
Serialized Error: { errno: -1, code: 'EPERM', syscall: 'connect', address: '93.184.216.34', port: 443 }
This error originated in "src/test/scrape.test.ts" test file. It doesn't mean the error was thrown inside the file itself, but while it was running.
The latest test that might've caused the error is "bounds stalled DNS validation with the overall request deadline". It might mean one of the following:
- The error was thrown, while Vitest was running this test.
- If the error occurred after the test had been completed, this was the last documented test before it was thrown.

⎯⎯⎯⎯⎯ Uncaught Exception ⎯⎯⎯⎯⎯
Error: connect EPERM 93.184.216.34:443 - Local (0.0.0.0:0)
 ❯ internalConnect node:net:1111:16
 ❯ defaultTriggerAsyncIdScope node:internal/async_hooks:472:18
 ❯ emitLookup node:net:1433:9
 ❯ lookup api/scrape.ts:292:56
    290|             signal, agent: false, autoSelectFamily: false,
    291|             ...(target.protocol === 'https:' && !isIP(target.hostname.…
    292|             lookup: (_hostname, _options, callback) => callback(null, …
       |                                                        ^
    293|             headers: {
    294|                 'User-Agent': 'Mozilla/5.0 (compatible; CompetitorStal…
 ❯ node:net:1410:5
 ❯ defaultTriggerAsyncIdScope node:internal/async_hooks:472:18
 ❯ lookupAndConnect node:net:1409:3
 ❯ TLSSocket.Socket.connect node:net:1286:5
 ❯ Object.connect node:internal/tls/wrap:1911:13
 ❯ Agent.createConnection node:https:363:18

⎯⎯⎯⎯⎯⎯⎯⎯⎯⎯⎯⎯⎯⎯⎯⎯⎯⎯⎯⎯⎯⎯⎯⎯⎯⎯⎯⎯⎯⎯
Serialized Error: { errno: -1, code: 'EPERM', syscall: 'connect', address: '93.184.216.34', port: 443 }
This error originated in "src/test/scrape.test.ts" test file. It doesn't mean the error was thrown inside the file itself, but while it was running.
The latest test that might've caused the error is "bounds stalled DNS validation with the overall request deadline". It might mean one of the following:
- The error was thrown, while Vitest was running this test.
- If the error occurred after the test had been completed, this was the last documented test before it was thrown.

⎯⎯⎯⎯⎯ Uncaught Exception ⎯⎯⎯⎯⎯
Error: connect EPERM 93.184.216.35:443 - Local (0.0.0.0:0)
 ❯ internalConnect node:net:1111:16
 ❯ defaultTriggerAsyncIdScope node:internal/async_hooks:472:18
 ❯ emitLookup node:net:1433:9
 ❯ lookup api/scrape.ts:292:56
    290|             signal, agent: false, autoSelectFamily: false,
    291|             ...(target.protocol === 'https:' && !isIP(target.hostname.…
    292|             lookup: (_hostname, _options, callback) => callback(null, …
       |                                                        ^
    293|             headers: {
    294|                 'User-Agent': 'Mozilla/5.0 (compatible; CompetitorStal…
 ❯ node:net:1410:5
 ❯ defaultTriggerAsyncIdScope node:internal/async_hooks:472:18
 ❯ lookupAndConnect node:net:1409:3
 ❯ TLSSocket.Socket.connect node:net:1286:5
 ❯ Object.connect node:internal/tls/wrap:1911:13
 ❯ Agent.createConnection node:https:363:18

⎯⎯⎯⎯⎯⎯⎯⎯⎯⎯⎯⎯⎯⎯⎯⎯⎯⎯⎯⎯⎯⎯⎯⎯⎯⎯⎯⎯⎯⎯
Serialized Error: { errno: -1, code: 'EPERM', syscall: 'connect', address: '93.184.216.35', port: 443 }
This error originated in "src/test/scrape.test.ts" test file. It doesn't mean the error was thrown inside the file itself, but while it was running.
The latest test that might've caused the error is "bounds stalled DNS validation with the overall request deadline". It might mean one of the following:
- The error was thrown, while Vitest was running this test.
- If the error occurred after the test had been completed, this was the last documented test before it was thrown.

⎯⎯⎯⎯⎯ Uncaught Exception ⎯⎯⎯⎯⎯
Error: connect EPERM 93.184.216.34:443 - Local (0.0.0.0:0)
 ❯ internalConnect node:net:1111:16
 ❯ defaultTriggerAsyncIdScope node:internal/async_hooks:472:18
 ❯ emitLookup node:net:1433:9
 ❯ lookup api/scrape.ts:292:56
    290|             signal, agent: false, autoSelectFamily: false,
    291|             ...(target.protocol === 'https:' && !isIP(target.hostname.…
    292|             lookup: (_hostname, _options, callback) => callback(null, …
       |                                                        ^
    293|             headers: {
    294|                 'User-Agent': 'Mozilla/5.0 (compatible; CompetitorStal…
 ❯ node:net:1410:5
 ❯ defaultTriggerAsyncIdScope node:internal/async_hooks:472:18
 ❯ lookupAndConnect node:net:1409:3
 ❯ TLSSocket.Socket.connect node:net:1286:5
 ❯ Object.connect node:internal/tls/wrap:1911:13
 ❯ Agent.createConnection node:https:363:18

⎯⎯⎯⎯⎯⎯⎯⎯⎯⎯⎯⎯⎯⎯⎯⎯⎯⎯⎯⎯⎯⎯⎯⎯⎯⎯⎯⎯⎯⎯
Serialized Error: { errno: -1, code: 'EPERM', syscall: 'connect', address: '93.184.216.34', port: 443 }
This error originated in "src/test/scrape.test.ts" test file. It doesn't mean the error was thrown inside the file itself, but while it was running.
The latest test that might've caused the error is "bounds stalled DNS validation with the overall request deadline". It might mean one of the following:
- The error was thrown, while Vitest was running this test.
- If the error occurred after the test had been completed, this was the last documented test before it was thrown.

⎯⎯⎯⎯⎯ Uncaught Exception ⎯⎯⎯⎯⎯
Error: connect EPERM 93.184.216.34:443 - Local (0.0.0.0:0)
 ❯ internalConnect node:net:1111:16
 ❯ defaultTriggerAsyncIdScope node:internal/async_hooks:472:18
 ❯ emitLookup node:net:1433:9
 ❯ lookup api/scrape.ts:292:56
    290|             signal, agent: false, autoSelectFamily: false,
    291|             ...(target.protocol === 'https:' && !isIP(target.hostname.…
    292|             lookup: (_hostname, _options, callback) => callback(null, …
       |                                                        ^
    293|             headers: {
    294|                 'User-Agent': 'Mozilla/5.0 (compatible; CompetitorStal…
 ❯ node:net:1410:5
 ❯ defaultTriggerAsyncIdScope node:internal/async_hooks:472:18
 ❯ lookupAndConnect node:net:1409:3
 ❯ TLSSocket.Socket.connect node:net:1286:5
 ❯ Object.connect node:internal/tls/wrap:1911:13
 ❯ Agent.createConnection node:https:363:18

⎯⎯⎯⎯⎯⎯⎯⎯⎯⎯⎯⎯⎯⎯⎯⎯⎯⎯⎯⎯⎯⎯⎯⎯⎯⎯⎯⎯⎯⎯
Serialized Error: { errno: -1, code: 'EPERM', syscall: 'connect', address: '93.184.216.34', port: 443 }
This error originated in "src/test/scrape.test.ts" test file. It doesn't mean the error was thrown inside the file itself, but while it was running.
⎯⎯⎯⎯⎯⎯⎯⎯⎯⎯⎯⎯⎯⎯⎯⎯⎯⎯⎯⎯⎯⎯⎯⎯⎯⎯⎯⎯⎯⎯


 Test Files  1 failed | 4 passed (5)
      Tests  6 failed | 46 passed (52)
     Errors  6 errors
   Start at  14:23:07
   Duration  59.78s (transform 3.43s, setup 8.55s, import 7.10s, tests 11.32s, environment 29.43s)
